      5 0
      2 2
      4 3
      2 6
      4 7
      1 8
      4 9
      6 10
      1 11
      2 12
      1 13
      2 16
      3 17
      1 18
      4 19
      1 20
      1 21
      2 22
      2 23
      2 24
      5 26
      1 27
      5 28
      2 29
      2 30
      1 31
      4 32
      1 33
      2 35
      1 36
      3 37
      1 38
      2 39
      2 40
      3 41
      2 42
      1 43
      4 44
      1 46
      2 47
      5 48
      1 49
      2 50
      1 51
      4 52
      2 54
      2 55
      1 56
      1 57
      2 58
      1 59
      4 60
      2 61
      2 62
      2 63
      1 64
      1 65
      3 66
      3 67
      4 69
      1 70
      2 71
      1 72
      2 73
      3 74
      1 75
      1 76
      2 77
      1 78
      2 79
      2 80
      3 81
      2 82
      1 83
      4 84
      3 85
      1 86
      2 87
      2 88
      1 89
      6 90
      2 91
      3 92
      1 93
      3 94
      3 95
      1 96
      1 97
      1 98
      1 99
      2 100
