1236732,MARGIE Paranoid Parrot,69
1790880,LAVINA Tough Kid,47
1853521,LISA Forever Alone,27
1124179,KATIA Troll Face,47
1712327,LERA Derpina/Derpette,63
1979080,GERALDINE Baby Courage Wolf,85
1683655,KRISTY Long Neck Reaction Guy,75
1169364,AURELIA Are You Fucking Kidding Me,81
1353845,META Pick Up Line Panda,77
1020505,SHANEKA Socially Awesome Penguin,21
1590937,ELENE Socially Lazy Sloth,73
1565370,DALILA Baby Courage Wolf,83
1696780,ANN Are You Fucking Kidding Me,69
1804214,MARYJANE Baby Courage Wolf,3
1636964,ROSELLE Are You Serious/Seriously,81
1361360,LOREAN Milk Rage Face,19
1591478,VITA High Expectations Asian Father,29
1613863,THEODORA Everything Went Better Than Expected,35
1338453,JOSEPHINA Business Cat,3
1664750,LILLIE Derpina/Derpette,41
1713158,JANEL PPFFFTTCH,29
1758471,NEVA Tough Kid,11
1822244,DESIRE Mother of God,37
1204411,BILLY Socially Awkward Penguin,35
1701988,ELISE Derpina/Derpette,67
1965028,MILLY GTFO,89
1181868,MAN Rage Guy,59
1696758,ALEXANDRA Troll Dad,61
1211764,FREDERICKA Long Neck Reaction Guy,87
1611501,ISA Fuck Yea(h),67
1158279,BRIDGET GTFO,39
1926455,DELICIA Rage Guy,55
1349702,REYNALDA Troll Dad,17
1236770,CASSY Troll Dad,19
1052959,LE Forever Alone,41
1531753,TERRESA Everything Went Better Than Expected,41
1777206,PEARLENE Okay,85
1532276,MARVA Aww Yeah,87
1577233,CELESTE Mother of God,9
1089441,GAYLE Milk Rage Face,97
1988051,KALYN Courage Wolf,19
1463825,DENNY Bachelor Frog,65
1109136,PEARLE GTFO,79
1978694,LELIA Baby Courage Wolf,99
1019769,SHELLEY True Story Guy,33
1513150,ANN Not Sure If/Fry,73
1424698,PANDORA Happy Rage Guy,71
1387276,JENELLE Fuck Yea(h),81
1855738,CRISTIN Lol,7
1126661,KAYE Tough Kid,7
1394762,REBA Are You Serious/Seriously,23
1492615,CLYDE Ash Pedreiro,37
1454060,QUYEN Bachelor Frog,95
1762463,ISIDRA No,63
1644136,DOROTHY Business Cat,3
1035713,CAROLYNN Socially Lazy Sloth,61
1359909,STEFANY Happy Cat,85
1164820,NEIDA Oh God,31
1151254,MYRL Forever Alone,3
1889166,CANDELARIA Oh God,67
1232019,LADONNA Lame Pun Coon,17
1838449,COLLEEN True Story Guy,79
1197665,FLORENTINA Poker Face,19
1829929,LOLITA Smiling Crying Face,71
1587933,MAGALY Me Gusta,95
1711219,TORY Challenge Accepted,7
1514465,BILLI Y U NO,95
1560920,ANTONIETTA Are You Fucking Kidding Me,7
1400741,CAROLYN Happy Cat,69
1311606,ELSE Aww Yeah,91
1530095,CECIL Poker Face,9
1438060,DELORSE Rage Guy,55
1143084,BIANCA Troll Dad,39
1288817,LAUREL Socially Awkward Penguin,9
1578415,CARRY Pedo Bear,77
1188451,LAKISHA Troll Face Girl,9
1272141,AN Troll Dad,13
1151597,LORENE Happy Cat,37
1730406,TAMISHA Bachelorette Frog,57
1715885,MADELYN Long Neck Reaction Guy,91
1955261,LOTTIE Everything Went Better Than Expected,17
1083352,WILLENA Troll Dad,23
1023455,MA I Lied,51
1007454,TAMATHA PPFFFTTCH,43
1571245,LARISA Technologically Impaired Duck,49
1806977,LYNELL Okay,93
1523360,ROMONA Bachelor Frog,69
